[www.clickmp3.com/en16.html]
[www.clickmp3.com/de16.html]
[www.clickmp3.com/fr16.html]
[www.clickmp3.com/es16.html]
[www.clickmp3.com/it16.html]
[backblue.gif]
[fade.gif]
[index.html]
[www.clickmp3.com/pt16.html]
[www.clickmp3.com/app/template/thumbnail4724.png]
[www.clickmp3.com/app/template/faviconb222.png]
[www.clickmp3.com/en16/features.html]
[www.clickmp3.com/en16/faq.html]
[www.clickmp3.com/en16/contact.html]
[www.clickmp3.com/en16/terms.html]
[www.clickmp3.com/en16/sitemap.html]
[www.google-analytics.com/analytics.js]
[www.clickmp3.com/en16.html]
[www.clickmp3.com/en16/privacy.html]
[www.clickmp3.com/de16/eigenschaften.html]
[www.clickmp3.com/de16/faq.html]
[www.clickmp3.com/de16/kontakt.html]
[www.clickmp3.com/de16.html]
[www.clickmp3.com/de16/sitemap.html]
[www.clickmp3.com/fr16/fonctionnalites.html]
[www.clickmp3.com/fr16/faq.html]
[www.clickmp3.com/fr16/contact.html]
[www.clickmp3.com/fr16.html]
[www.clickmp3.com/fr16/sitemap.html]
[www.clickmp3.com/es16/caracteristicas.html]
[www.clickmp3.com/es16/faq.html]
[www.clickmp3.com/es16/contactar.html]
[www.clickmp3.com/es16.html]
[www.clickmp3.com/es16/sitemap.html]
[www.clickmp3.com/it16/caratteristiche.html]
[www.clickmp3.com/it16/faq.html]
[www.clickmp3.com/it16.html]
[www.clickmp3.com/it16/contatto.html]
[www.clickmp3.com/it16/sitemap.html]
[www.clickmp3.com/pt16/recursos.html]
[www.clickmp3.com/pt16/faq.html]
[www.clickmp3.com/pt16/contato.html]
[www.clickmp3.com/pt16.html]
[www.clickmp3.com/en16/features.html]
[www.clickmp3.com/en16/faq.html]
[www.clickmp3.com/pt16/sitemap.html]
[www.google.com/recaptcha/api.js]
[www.clickmp3.com/en16/contact.html]
[www.clickmp3.com/en16/sitemap.html]
[www.clickmp3.com/en16/terms.html]
[www.clickmp3.com/en16/privacy.html]
[www.clickmp3.com/de16/eigenschaften.html]
[www.clickmp3.com/de16/faq.html]
[www.clickmp3.com/de16/kontakt.html]
[www.clickmp3.com/de16/sitemap.html]
[www.clickmp3.com/fr16/fonctionnalites.html]
[www.clickmp3.com/fr16/faq.html]
[www.clickmp3.com/fr16/contact.html]
[www.clickmp3.com/fr16/sitemap.html]
[www.clickmp3.com/es16/caracteristicas.html]
[www.clickmp3.com/es16/faq.html]
[www.clickmp3.com/es16/contactar.html]
[www.clickmp3.com/es16/sitemap.html]
[www.clickmp3.com/it16/caratteristiche.html]
[www.clickmp3.com/it16/faq.html]
[www.clickmp3.com/it16/contatto.html]
[www.clickmp3.com/it16/sitemap.html]
[www.clickmp3.com/pt16/recursos.html]
[www.clickmp3.com/pt16/faq.html]
[www.clickmp3.com/pt16/contato.html]
[www.clickmp3.com/pt16/sitemap.html]
